../Core/Src/main.c:143:5:main	8	static
../Core/Src/main.c:263:6:HAL_UART_RxCpltCallback	16	static
../Core/Src/main.c:281:6:vMainTask	16	static
../Core/Src/main.c:316:6:vGPSTask	16	static
../Core/Src/main.c:334:6:vStateManagingTask	16	static
../Core/Src/main.c:352:6:vReceiveTask	16	static
../Core/Src/main.c:370:6:vDebugTask	48	static
../Core/Src/main.c:423:6:vSensorReadingCallback	16	static
../Core/Src/main.c:431:6:vTransmitCallback	16	static
../Core/Src/main.c:446:6:HAL_TIM_PeriodElapsedCallback	16	static
../Core/Src/main.c:463:6:Error_Handler	8	static,ignoring_inline_asm
