../Core/Src/main.c:164:5:main	8	static
../Core/Src/main.c:289:6:HAL_UART_RxCpltCallback	16	static
../Core/Src/main.c:297:13:_BMP390_Init	8	static
../Core/Src/main.c:301:13:_BNO055_Init	8	static
../Core/Src/main.c:306:13:_SD_Init	8	static
../Core/Src/main.c:311:13:_Servo_Init	8	static
../Core/Src/main.c:329:6:vMainTask	16	static
../Core/Src/main.c:360:6:vGPSTask	16	static
../Core/Src/main.c:422:6:vStateManagingTask	16	static
../Core/Src/main.c:440:6:vReceiveTask	16	static
../Core/Src/main.c:458:6:vDebugTask	24	static
../Core/Src/main.c:510:6:vSensorReadingCallback	16	static
../Core/Src/main.c:518:6:vTransmitCallback	16	static
../Core/Src/main.c:533:6:HAL_TIM_PeriodElapsedCallback	16	static
../Core/Src/main.c:550:6:Error_Handler	8	static,ignoring_inline_asm
