15:11:00 **** Incremental Build of configuration Debug for project Inharo_FSW ****
make -j20 all 
arm-none-eabi-gcc "../USB_DEVICE/App/usbd_cdc_if.c" -mcpu=cortex-m4 -std=gnu11 -g3 -DDEBUG -DUSE_HAL_DRIVER -DSTM32F446xx -DSTM32_THREAD_SAFE_STRATEGY=4 -c -I../Core/Inc -I../Drivers/STM32F4xx_HAL_Driver/Inc -I../Drivers/STM32F4xx_HAL_Driver/Inc/Legacy -I../Drivers/CMSIS/Device/ST/STM32F4xx/Include -I../Drivers/CMSIS/Include -I../FATFS/Target -I../FATFS/App -I../USB_DEVICE/App -I../USB_DEVICE/Target -I../Middlewares/Third_Party/FreeRTOS/Source/include -I../Middlewares/Third_Party/FreeRTOS/Source/CMSIS_RTOS_V2 -I../Middlewares/Third_Party/FreeRTOS/Source/portable/GCC/ARM_CM4F -I../Middlewares/Third_Party/FatFs/src -I../Middlewares/ST/STM32_USB_Device_Library/Core/Inc -I../Middlewares/ST/STM32_USB_Device_Library/Class/CDC/Inc -I../Core/ThreadSafe -I"C:/Project/STM32/InharoFSW/Inharo_fsw/Core/Inc/initialize" -O0 -ffunction-sections -fdata-sections -Wall -fstack-usage -fcyclomatic-complexity -MMD -MP -MF"USB_DEVICE/App/usbd_cdc_if.d" -MT"USB_DEVICE/App/usbd_cdc_if.o" --specs=nano.specs -mfpu=fpv4-sp-d16 -mfloat-abi=hard -mthumb -o "USB_DEVICE/App/usbd_cdc_if.o"
../USB_DEVICE/App/usbd_cdc_if.c: In function 'CDC_Receive_FS':
../USB_DEVICE/App/usbd_cdc_if.c:272:3: warning: implicit declaration of function 'osEventFlagsSet' [-Wimplicit-function-declaration]
  272 |   osEventFlagsSet(USBEventHandle, RECEIVED_USB);
      |   ^~~~~~~~~~~~~~~
arm-none-eabi-gcc -o "Inharo_FSW.elf" @"objects.list"   -mcpu=cortex-m4 -T"C:\Project\STM32\InharoFSW\Inharo_fsw\STM32F446RETX_FLASH.ld" --specs=nosys.specs -Wl,-Map="Inharo_FSW.map" -Wl,--gc-sections -static -u _printf_float --specs=nano.specs -mfpu=fpv4-sp-d16 -mfloat-abi=hard -mthumb -Wl,--start-group -lc -lm -Wl,--end-group
c:\st\stm32cubeide_1.12.1\stm32cubeide\plugins\com.st.stm32cube.ide.mcu.externaltools.gnu-tools-for-stm32.10.3-2021.10.win32_1.0.200.202301161003\tools\arm-none-eabi\bin\ld.exe: ./Core/Src/initialize/adc.o:C:/Project/STM32/InharoFSW/Inharo_fsw/Debug/../Core/Src/initialize/adc.c:6: multiple definition of `hadc1'; ./Core/Src/main.o:C:/Project/STM32/InharoFSW/Inharo_fsw/Debug/../Core/Src/main.c:46: first defined here
c:\st\stm32cubeide_1.12.1\stm32cubeide\plugins\com.st.stm32cube.ide.mcu.externaltools.gnu-tools-for-stm32.10.3-2021.10.win32_1.0.200.202301161003\tools\arm-none-eabi\bin\ld.exe: ./Core/Src/initialize/i2c.o:C:/Project/STM32/InharoFSW/Inharo_fsw/Debug/../Core/Src/initialize/i2c.c:5: multiple definition of `hi2c1'; ./Core/Src/main.o:C:/Project/STM32/InharoFSW/Inharo_fsw/Debug/../Core/Src/main.c:48: first defined here
c:\st\stm32cubeide_1.12.1\stm32cubeide\plugins\com.st.stm32cube.ide.mcu.externaltools.gnu-tools-for-stm32.10.3-2021.10.win32_1.0.200.202301161003\tools\arm-none-eabi\bin\ld.exe: ./Core/Src/initialize/rtc.o:C:/Project/STM32/InharoFSW/Inharo_fsw/Debug/../Core/Src/initialize/rtc.c:5: multiple definition of `hrtc'; ./Core/Src/main.o:C:/Project/STM32/InharoFSW/Inharo_fsw/Debug/../Core/Src/main.c:50: first defined here
c:\st\stm32cubeide_1.12.1\stm32cubeide\plugins\com.st.stm32cube.ide.mcu.externaltools.gnu-tools-for-stm32.10.3-2021.10.win32_1.0.200.202301161003\tools\arm-none-eabi\bin\ld.exe: ./Core/Src/initialize/spi.o:C:/Project/STM32/InharoFSW/Inharo_fsw/Debug/../Core/Src/initialize/spi.c:6: multiple definition of `hspi2'; ./Core/Src/main.o:C:/Project/STM32/InharoFSW/Inharo_fsw/Debug/../Core/Src/main.c:52: first defined here
c:\st\stm32cubeide_1.12.1\stm32cubeide\plugins\com.st.stm32cube.ide.mcu.externaltools.gnu-tools-for-stm32.10.3-2021.10.win32_1.0.200.202301161003\tools\arm-none-eabi\bin\ld.exe: ./Core/Src/initialize/tim.o:C:/Project/STM32/InharoFSW/Inharo_fsw/Debug/../Core/Src/initialize/tim.c:5: multiple definition of `htim3'; ./Core/Src/main.o:C:/Project/STM32/InharoFSW/Inharo_fsw/Debug/../Core/Src/main.c:54: first defined here
c:\st\stm32cubeide_1.12.1\stm32cubeide\plugins\com.st.stm32cube.ide.mcu.externaltools.gnu-tools-for-stm32.10.3-2021.10.win32_1.0.200.202301161003\tools\arm-none-eabi\bin\ld.exe: ./Core/Src/initialize/usart.o:C:/Project/STM32/InharoFSW/Inharo_fsw/Debug/../Core/Src/initialize/usart.c:6: multiple definition of `huart1'; ./Core/Src/main.o:C:/Project/STM32/InharoFSW/Inharo_fsw/Debug/../Core/Src/main.c:56: first defined here
c:\st\stm32cubeide_1.12.1\stm32cubeide\plugins\com.st.stm32cube.ide.mcu.externaltools.gnu-tools-for-stm32.10.3-2021.10.win32_1.0.200.202301161003\tools\arm-none-eabi\bin\ld.exe: ./Core/Src/initialize/usart.o:C:/Project/STM32/InharoFSW/Inharo_fsw/Debug/../Core/Src/initialize/usart.c:7: multiple definition of `huart2'; ./Core/Src/main.o:C:/Project/STM32/InharoFSW/Inharo_fsw/Debug/../Core/Src/main.c:57: first defined here
c:\st\stm32cubeide_1.12.1\stm32cubeide\plugins\com.st.stm32cube.ide.mcu.externaltools.gnu-tools-for-stm32.10.3-2021.10.win32_1.0.200.202301161003\tools\arm-none-eabi\bin\ld.exe: ./Core/Src/initialize/usart.o:C:/Project/STM32/InharoFSW/Inharo_fsw/Debug/../Core/Src/initialize/usart.c:8: multiple definition of `huart3'; ./Core/Src/main.o:C:/Project/STM32/InharoFSW/Inharo_fsw/Debug/../Core/Src/main.c:58: first defined here
collect2.exe: error: ld returned 1 exit status
make: *** [makefile:80: Inharo_FSW.elf] Error 1
"make -j20 all" terminated with exit code 2. Build might be incomplete.
15:11:33 **** Incremental Build of configuration Debug for project Inharo_FSW ****
make -j20 all 
arm-none-eabi-gcc "../Core/Src/main.c" -mcpu=cortex-m4 -std=gnu11 -g3 -DDEBUG -DUSE_HAL_DRIVER -DSTM32F446xx -DSTM32_THREAD_SAFE_STRATEGY=4 -c -I../Core/Inc -I../Drivers/STM32F4xx_HAL_Driver/Inc -I../Drivers/STM32F4xx_HAL_Driver/Inc/Legacy -I../Drivers/CMSIS/Device/ST/STM32F4xx/Include -I../Drivers/CMSIS/Include -I../FATFS/Target -I../FATFS/App -I../USB_DEVICE/App -I../USB_DEVICE/Target -I../Middlewares/Third_Party/FreeRTOS/Source/include -I../Middlewares/Third_Party/FreeRTOS/Source/CMSIS_RTOS_V2 -I../Middlewares/Third_Party/FreeRTOS/Source/portable/GCC/ARM_CM4F -I../Middlewares/Third_Party/FatFs/src -I../Middlewares/ST/STM32_USB_Device_Library/Core/Inc -I../Middlewares/ST/STM32_USB_Device_Library/Class/CDC/Inc -I../Core/ThreadSafe -I"C:/Project/STM32/InharoFSW/Inharo_fsw/Core/Inc/initialize" -O0 -ffunction-sections -fdata-sections -Wall -fstack-usage -fcyclomatic-complexity -MMD -MP -MF"Core/Src/main.d" -MT"Core/Src/main.o" --specs=nano.specs -mfpu=fpv4-sp-d16 -mfloat-abi=hard -mthumb -o "Core/Src/main.o"
arm-none-eabi-gcc -o "Inharo_FSW.elf" @"objects.list"   -mcpu=cortex-m4 -T"C:\Project\STM32\InharoFSW\Inharo_fsw\STM32F446RETX_FLASH.ld" --specs=nosys.specs -Wl,-Map="Inharo_FSW.map" -Wl,--gc-sections -static -u _printf_float --specs=nano.specs -mfpu=fpv4-sp-d16 -mfloat-abi=hard -mthumb -Wl,--start-group -lc -lm -Wl,--end-group
Finished building target: Inharo_FSW.elf
 
arm-none-eabi-size   Inharo_FSW.elf 
arm-none-eabi-objdump -h -S  Inharo_FSW.elf  > "Inharo_FSW.list"
   text	   data	    bss	    dec	    hex	filename
  87364	    764	  28604	 116732	  1c7fc	Inharo_FSW.elf
Finished building: default.size.stdout
 
Finished building: Inharo_FSW.list
 
